 ppsctl watch                                                                                     pipeline task monitor 
╭───────────────────────────────────────────────────────────╮
│ Runs                            │▸ Detail · Logs                                                                   │
│ > ▶ multi-status run-all-      │  ▶ running  multi-status                                                         │
│                                                                                                                      │
│     01-15T10:30:00 ████...  │  id:run-all-stat  time:01-15T10:30:00                                             │
│                                                                                                                      │
│                                 │──────────────────────────────                       │
│                                 │> ▼ default ████████▓▓░░ 4/6                                            │
│                                 │  ├─ ○ pending-task pending                                                     │
│                                                                                                                      │
│                                 │  │  type:local  ·  start:-                                                      │
│                                                                                                                      │
│                                 │  ├─ ▶ running-task running                                                     │
│                                                                                                                      │
│                                 │  │  type:local  ·  start:01-15T10:30:00                                         │
│                                                                                                                      │
│                                 │  ├─ ✔ success-task success exit:0                                               │
│                                                                                                                      │
│                                 │  │  type:local  ·  start:01-15T10:30:00  ·  end:01-15T11:45:00                 │
│                                                                                                                      │
│                                 │  ├─ ✘ failed-task failed exit:1                                                 │
│                                                                                                                      │
│                                 │  │  type:ssh  ·  start:01-15T10:30:00  ·  end:01-15T11:45:00                   │
│                                                                                                                      │
│                                 │  ├─ ⊘ skipped-task skipped                                                      │
│                                                                                                                      │
│                                 │  │  type:local  ·  start:-                                                      │
│                                                                                                                      │
│                                 │  └─ ✕ cancelled-task cancelled                                                  │
│                                                                                                                      │
│                                 │      type:local  ·  start:-                                                      │
│                                                                                                                      │
│                                 │                                                                                   │
│                                 │                                                                                   │
│                                 │                                                                                   │
│                                 │                                                                                   │
│                                 │                                                                                   │
│                                 │                                                                                   │
│                                 │                                                                                   │
│                                 │                                                                                   │
│                                 │                                                                                   │
│                                 │                                                                                   │
│                                 │                                                                                   │
│                                 │                                                                                   │
│                                 │                                                                                   │
│                                 │                                                                                   │
│                                 │                                                                                   │
│                                 │                                                                                   │
│                                 │                                                                                   │
│                                 │                                                                                   │
│                                 │                                                                                   │
╰───────────────────────────────────────────────────────────╯
 ↑↓nav │ enterexpand │ ccollapse │ bback │ p/npipeline │ tlogs │ qquit                      Runs:1 Tasks:4/6 2s 