 ppsctl watch                                                                                     pipeline task monitor 
╭───────────────────────────────────────────────────────────╮
│ Runs                            │▸ Detail · Logs                                                                   │
│ > ✘ failing err-run             │  (select a run)                                                                   │
│                                                                                                                      │
│     -                           │                                                                                   │
│                                                                                                                      │
│                                 │                                                                                   │
│                                 │                                                                                   │
│                                 │                                                                                   │
│                                 │                                                                                   │
│                                 │                                                                                   │
│                                 │                                                                                   │
│                                 │                                                                                   │
│                                 │                                                                                   │
│                                 │                                                                                   │
│                                 │                                                                                   │
│                                 │                                                                                   │
│                                 │                                                                                   │
│                                 │                                                                                   │
│                                 │                                                                                   │
│                                 │                                                                                   │
│                                 │                                                                                   │
│                                 │                                                                                   │
│                                 │                                                                                   │
│                                 │                                                                                   │
│                                 │                                                                                   │
│                                 │                                                                                   │
│                                 │                                                                                   │
│                                 │                                                                                   │
│                                 │                                                                                   │
│                                 │                                                                                   │
│                                 │                                                                                   │
│                                 │                                                                                   │
│                                 │                                                                                   │
│                                 │                                                                                   │
│                                 │                                                                                   │
│                                 │                                                                                   │
│                                 │                                                                                   │
│                                 │                                                                                   │
╰───────────────────────────────────────────────────────────╯
 ↑↓nav │ enterselect │ tabpanel │ rrefresh │ qquit                  ERR:connection refuse...  Runs:1 Tasks:0/0 2s 