 ppsctl watch                                                                                     pipeline task monitor 
╭───────────────────────────────────────────────────────────╮
│ Runs                            │▸ Detail · Logs                                                                   │
│ > ▶ deploy run-abc1            │  (select a run)                                                                   │
│                                                                                                                      │
│     01-15T10:30:00 ██▓▓░... │                                                                                   │
│                                                                                                                      │
│   ✔ build run-def6              │                                                                                   │
│                                                                                                                      │
│     01-15T10:30:00 ████...  │                                                                                   │
│                                                                                                                      │
│   ✘ test-pipeline run-ghi1      │                                                                                   │
│                                                                                                                      │
│     01-15T10:30:00 ████...  │                                                                                   │
│                                                                                                                      │
│                                 │                                                                                   │
│                                 │                                                                                   │
│                                 │                                                                                   │
│                                 │                                                                                   │
│                                 │                                                                                   │
│                                 │                                                                                   │
│                                 │                                                                                   │
│                                 │                                                                                   │
│                                 │                                                                                   │
│                                 │                                                                                   │
│                                 │                                                                                   │
│                                 │                                                                                   │
│                                 │                                                                                   │
│                                 │                                                                                   │
│                                 │                                                                                   │
│                                 │                                                                                   │
│                                 │                                                                                   │
│                                 │                                                                                   │
│                                 │                                                                                   │
│                                 │                                                                                   │
│                                 │                                                                                   │
│                                 │                                                                                   │
│                                 │                                                                                   │
│                                 │                                                                                   │
│                                 │                                                                                   │
│                                 │                                                                                   │
│                                 │                                                                                   │
│                                 │                                                                                   │
│                                 │                                                                                   │
╰───────────────────────────────────────────────────────────╯
 ↑↓nav │ enterselect │ tabpanel │ rrefresh │ qquit                                            Runs:3 Tasks:1/3 2s 