 ppsctl watch                                                                                                                                                                     pipeline task monitor 
╭───────────────────────────────────────────────────────────────────────────────────────────────────╮
│ Runs                                                  │▸ Detail · Logs                                                                                                                             │
│   ▶ deploy-production r1                             │  ✘ failed  test-integration                                                                                                                 │
│                                                                                                                                                                                                      │
│     01-15T10:30:00                                    │  id:r3  time:01-15T10:30:00                                                                                                                 │
│                                                                                                                                                                                                      │
│   ✔ build-service r2                                  │  ran: 01-15T10:30:00 → 01-15T11:45:00                                                                                                      │
│                                                                                                                                                                                                      │
│     01-15T10:30:00                                    │──────────────────────────────                                                                                 │
│                                                                                                                                                                                                      │
│ > ✘ test-integration r3                               │  (no tasks)                                                                                                                                 │
│                                                                                                                                                                                                      │
│     01-15T10:30:00                                    │                                                                                                                                             │
│                                                                                                                                                                                                      │
│   ○ release-candidate r4                             │                                                                                                                                             │
│                                                                                                                                                                                                      │
│     -                                                 │                                                                                                                                             │
│                                                                                                                                                                                                      │
│   ✕ monitor-health r5                                 │                                                                                                                                             │
│                                                                                                                                                                                                      │
│     01-15T10:30:00                                    │                                                                                                                                             │
│                                                                                                                                                                                                      │
│                                                       │                                                                                                                                             │
│                                                       │                                                                                                                                             │
│                                                       │                                                                                                                                             │
│                                                       │                                                                                                                                             │
│                                                       │                                                                                                                                             │
│                                                       │                                                                                                                                             │
│                                                       │                                                                                                                                             │
│                                                       │                                                                                                                                             │
│                                                       │                                                                                                                                             │
│                                                       │                                                                                                                                             │
│                                                       │                                                                                                                                             │
│                                                       │                                                                                                                                             │
│                                                       │                                                                                                                                             │
│                                                       │                                                                                                                                             │
│                                                       │                                                                                                                                             │
│                                                       │                                                                                                                                             │
│                                                       │                                                                                                                                             │
│                                                       │                                                                                                                                             │
│                                                       │                                                                                                                                             │
│                                                       │                                                                                                                                             │
│                                                       │                                                                                                                                             │
│                                                       │                                                                                                                                             │
│                                                       │                                                                                                                                             │
│                                                       │                                                                                                                                             │
│                                                       │                                                                                                                                             │
│                                                       │                                                                                                                                             │
│                                                       │                                                                                                                                             │
│                                                       │                                                                                                                                             │
│                                                       │                                                                                                                                             │
│                                                       │                                                                                                                                             │
│                                                       │                                                                                                                                             │
│                                                       │                                                                                                                                             │
│                                                       │                                                                                                                                             │
│                                                       │                                                                                                                                             │
│                                                       │                                                                                                                                             │
╰───────────────────────────────────────────────────────────────────────────────────────────────────╯
 ↑↓nav │ enterexpand │ ccollapse │ bback │ p/npipeline │ tlogs │ qquit                                                                                                      Runs:5 Tasks:0/0 2s 